// Jest Snapshot v1, https://goo.gl/fbAQLP

exports[`HorizonCardContent render renders the card content 1`] = `
<ha-card>
  <div class="horizon-card">
    <div class="horizon-card-header">
      HORIZON CARD HEADER
    </div>
    <div class="horizon-card-graph">
      HORIZON CARD GRAPH
    </div>
    <div class="horizon-card-footer">
      HORIZON CARD FOOTER
    </div>
  </div>
</ha-card>
`;
